###############################################################################
#
# IAR ELF Linker V8.20.2.14835/W32 for ARM                20/Aug/2018  10:11:30
# Copyright 2007-2017 IAR Systems AB.
#
#    Output file  =  
#        C:\Users\ncslab\Desktop\microprocessor\ARM\SSS_mango\Release\Exe\SSS_mango.out
#    Map file     =  
#        C:\Users\ncslab\Desktop\microprocessor\ARM\SSS_mango\Release\List\SSS_mango.map
#    Command line =  
#        -f C:\Users\ncslab\AppData\Local\Temp\EW64D.tmp
#        (C:\Users\ncslab\Desktop\microprocessor\ARM\SSS_mango\Release\Obj\debug.o
#        C:\Users\ncslab\Desktop\microprocessor\ARM\SSS_mango\Release\Obj\delay.o
#        C:\Users\ncslab\Desktop\microprocessor\ARM\SSS_mango\Release\Obj\hw_config.o
#        C:\Users\ncslab\Desktop\microprocessor\ARM\SSS_mango\Release\Obj\key.o
#        C:\Users\ncslab\Desktop\microprocessor\ARM\SSS_mango\Release\Obj\led.o
#        C:\Users\ncslab\Desktop\microprocessor\ARM\SSS_mango\Release\Obj\main.o
#        C:\Users\ncslab\Desktop\microprocessor\ARM\SSS_mango\Release\Obj\misc.o
#        C:\Users\ncslab\Desktop\microprocessor\ARM\SSS_mango\Release\Obj\motor.o
#        C:\Users\ncslab\Desktop\microprocessor\ARM\SSS_mango\Release\Obj\startup_stm32f10x_md.o
#        C:\Users\ncslab\Desktop\microprocessor\ARM\SSS_mango\Release\Obj\stm32f10x_adc.o
#        C:\Users\ncslab\Desktop\microprocessor\ARM\SSS_mango\Release\Obj\stm32f10x_bkp.o
#        C:\Users\ncslab\Desktop\microprocessor\ARM\SSS_mango\Release\Obj\stm32f10x_can.o
#        C:\Users\ncslab\Desktop\microprocessor\ARM\SSS_mango\Release\Obj\stm32f10x_cec.o
#        C:\Users\ncslab\Desktop\microprocessor\ARM\SSS_mango\Release\Obj\stm32f10x_crc.o
#        C:\Users\ncslab\Desktop\microprocessor\ARM\SSS_mango\Release\Obj\stm32f10x_dac.o
#        C:\Users\ncslab\Desktop\microprocessor\ARM\SSS_mango\Release\Obj\stm32f10x_dbgmcu.o
#        C:\Users\ncslab\Desktop\microprocessor\ARM\SSS_mango\Release\Obj\stm32f10x_dma.o
#        C:\Users\ncslab\Desktop\microprocessor\ARM\SSS_mango\Release\Obj\stm32f10x_exti.o
#        C:\Users\ncslab\Desktop\microprocessor\ARM\SSS_mango\Release\Obj\stm32f10x_flash.o
#        C:\Users\ncslab\Desktop\microprocessor\ARM\SSS_mango\Release\Obj\stm32f10x_fsmc.o
#        C:\Users\ncslab\Desktop\microprocessor\ARM\SSS_mango\Release\Obj\stm32f10x_gpio.o
#        C:\Users\ncslab\Desktop\microprocessor\ARM\SSS_mango\Release\Obj\stm32f10x_i2c.o
#        C:\Users\ncslab\Desktop\microprocessor\ARM\SSS_mango\Release\Obj\stm32f10x_it.o
#        C:\Users\ncslab\Desktop\microprocessor\ARM\SSS_mango\Release\Obj\stm32f10x_iwdg.o
#        C:\Users\ncslab\Desktop\microprocessor\ARM\SSS_mango\Release\Obj\stm32f10x_pwr.o
#        C:\Users\ncslab\Desktop\microprocessor\ARM\SSS_mango\Release\Obj\stm32f10x_rcc.o
#        C:\Users\ncslab\Desktop\microprocessor\ARM\SSS_mango\Release\Obj\stm32f10x_rtc.o
#        C:\Users\ncslab\Desktop\microprocessor\ARM\SSS_mango\Release\Obj\stm32f10x_sdio.o
#        C:\Users\ncslab\Desktop\microprocessor\ARM\SSS_mango\Release\Obj\stm32f10x_spi.o
#        C:\Users\ncslab\Desktop\microprocessor\ARM\SSS_mango\Release\Obj\stm32f10x_tim.o
#        C:\Users\ncslab\Desktop\microprocessor\ARM\SSS_mango\Release\Obj\stm32f10x_usart.o
#        C:\Users\ncslab\Desktop\microprocessor\ARM\SSS_mango\Release\Obj\stm32f10x_wwdg.o
#        C:\Users\ncslab\Desktop\microprocessor\ARM\SSS_mango\Release\Obj\sudoku.o
#        C:\Users\ncslab\Desktop\microprocessor\ARM\SSS_mango\Release\Obj\system_stm32f10x.o
#        C:\Users\ncslab\Desktop\microprocessor\ARM\SSS_mango\Release\Obj\timer.o
#        C:\Users\ncslab\Desktop\microprocessor\ARM\SSS_mango\Release\Obj\usart.o
#        --redirect _Printf=_PrintfFullNoMb --redirect _Scanf=_ScanfFullNoMb -o
#        C:\Users\ncslab\Desktop\microprocessor\ARM\SSS_mango\Release\Exe\SSS_mango.out
#        --map
#        C:\Users\ncslab\Desktop\microprocessor\ARM\SSS_mango\Release\List\SSS_mango.map
#        --config "C:\Program Files (x86)\IAR Systems\Embedded Workbench
#        8.0\arm\config\linker\ST\stm32f103xB.icf" --semihosting --entry
#        __iar_program_start --inline --vfe --text_out locale)
#
###############################################################################

*******************************************************************************
*** RUNTIME MODEL ATTRIBUTES
***

CppFlavor       = *
__SystemLibrary = DLib
__dlib_version  = 6


*******************************************************************************
*** HEAP SELECTION
***

The basic heap was selected because some modules are built with
size limitations (and not runtime checking), and --advanced_heap
was not specified.


*******************************************************************************
*** PLACEMENT SUMMARY
***

"A0":  place at 0x08000000 { ro section .intvec };
"P1":  place in [from 0x08000000 to 0x0801ffff] { ro };
define block CSTACK with size = 2K, alignment = 8 { };
define block HEAP with size = 2K, alignment = 8 { };
"P2":  place in [from 0x20000000 to 0x20004fff] {
          rw, block CSTACK, block HEAP };
initialize by copy { rw };

  Section            Kind        Address    Size  Object
  -------            ----        -------    ----  ------
"A0":                                       0xec
  .intvec            ro code  0x08000000    0xec  startup_stm32f10x_md.o [1]
                            - 0x080000ec    0xec

"P1":                                     0x3a2c
  .text              ro code  0x080000ec   0xe22  xprintffull_nomb.o [3]
  .text              ro code  0x08000f0e    0x7a  lz77_init_single.o [5]
  .text              ro code  0x08000f88    0x16  strchr.o [5]
  .text              ro code  0x08000fa0    0x44  xfail_s.o [3]
  .text              ro code  0x08000fe4    0x36  strlen.o [5]
  .text              ro code  0x0800101c    0x58  memchr.o [5]
  .text              ro code  0x08001074   0x22e  I64DivMod.o [5]
  .text              ro code  0x080012a4   0x1a2  DblMul.o [4]
  .text              ro code  0x08001448    0xa6  ABImemcpy.o [5]
  .text              ro code  0x080014f0    0x70  frexp.o [4]
  .text              ro code  0x08001560    0x2e  DblCmpLe.o [4]
  .text              ro code  0x08001590    0x2e  DblCmpGe.o [4]
  .text              ro code  0x080015c0   0x13a  ldexp.o [4]
  .text              ro code  0x080016fc    0x3a  DblToS32.o [4]
  .text              ro code  0x08001738    0x22  S32ToDbl.o [4]
  .text              ro code  0x0800175c    0xe2  DblSub.o [4]
  .text              ro code  0x08001840   0x246  DblDiv.o [4]
  .text              ro code  0x08001a88    0x28  DblToU32.o [4]
  .text              ro code  0x08001ab0    0x1a  U32ToDbl.o [4]
  .text              ro code  0x08001acc     0xc  xlocale_c.o [3]
  .text              ro code  0x08001ad8     0x6  abort.o [3]
  .text              ro code  0x08001ae0     0x2  I64DivZer.o [5]
  .text              ro code  0x08001ae4   0x168  DblAdd.o [4]
  .text              ro code  0x08001c4c    0x14  exit.o [6]
  .text              ro code  0x08001c60   0x918  motor.o [1]
  .text              ro code  0x08002578    0xd0  stm32f10x_rcc.o [1]
  .text              ro code  0x08002648    0xf8  stm32f10x_gpio.o [1]
  .text              ro code  0x08002740   0x184  stm32f10x_tim.o [1]
  .text              ro code  0x080028c4    0x5c  delay.o [1]
  .text              ro code  0x08002920   0x330  sudoku.o [1]
  .text              ro code  0x08002c50    0x28  printf.o [3]
  .text              ro code  0x08002c78   0x15c  timer.o [1]
  .text              ro code  0x08002dd4    0xb0  rand.o [3]
  .text              ro code  0x08002e84     0x4  exit.o [3]
  .text              ro code  0x08002e88     0xa  cexit.o [5]
  .text              ro code  0x08002e94   0x234  main.o [1]
  .text              ro code  0x080030c8   0x188  hw_config.o [1]
  .text              ro code  0x08003250    0xec  usart.o [1]
  .text              ro code  0x0800333c    0x84  key.o [1]
  .text              ro code  0x080033c0    0xa4  led.o [1]
  .text              ro code  0x08003464    0xd0  stm32f10x_usart.o [1]
  .text              ro code  0x08003534    0xec  system_stm32f10x.o [1]
  .text              ro code  0x08003620    0x80  misc.o [1]
  .text              ro code  0x080036a0    0x90  stm32f10x_exti.o [1]
  .text              ro code  0x08003730   0x198  stm32f10x_it.o [1]
  .text              ro code  0x080038c8    0x40  zero_init3.o [5]
  .text              ro code  0x08003908    0x28  data_init.o [5]
  .iar.init_table    const    0x08003930    0x20  - Linker created -
  .text              ro code  0x08003950    0x1e  cmain.o [5]
  .text              ro code  0x0800396e    0x16  xprout.o [3]
  .text              ro code  0x08003984     0xc  putchar.o [3]
  .text              ro code  0x08003990    0x10  startup_stm32f10x_md.o [1]
  .text              ro code  0x080039a0     0xc  cstartup_M.o [5]
  .rodata            const    0x080039ac     0x4  xlocale_c.o [3]
  .text              ro code  0x080039b0     0x4  startup_stm32f10x_md.o [1]
  .text              ro code  0x080039b4     0x4  startup_stm32f10x_md.o [1]
  .text              ro code  0x080039b8     0x4  startup_stm32f10x_md.o [1]
  .text              ro code  0x080039bc     0x4  startup_stm32f10x_md.o [1]
  .text              ro code  0x080039c0     0x4  startup_stm32f10x_md.o [1]
  .text              ro code  0x080039c4     0x4  startup_stm32f10x_md.o [1]
  .text              ro code  0x080039c8     0x4  startup_stm32f10x_md.o [1]
  .text              ro code  0x080039cc     0x4  startup_stm32f10x_md.o [1]
  .text              ro code  0x080039d0     0x4  startup_stm32f10x_md.o [1]
  .text              ro code  0x080039d4     0x4  startup_stm32f10x_md.o [1]
  .text              ro code  0x080039d8     0x4  startup_stm32f10x_md.o [1]
  .text              ro code  0x080039dc     0x4  startup_stm32f10x_md.o [1]
  .text              ro code  0x080039e0     0x4  startup_stm32f10x_md.o [1]
  .text              ro code  0x080039e4     0x4  startup_stm32f10x_md.o [1]
  .text              ro code  0x080039e8     0x4  startup_stm32f10x_md.o [1]
  .text              ro code  0x080039ec     0x4  startup_stm32f10x_md.o [1]
  .text              ro code  0x080039f0     0x4  startup_stm32f10x_md.o [1]
  .text              ro code  0x080039f4     0x4  startup_stm32f10x_md.o [1]
  .text              ro code  0x080039f8     0x4  startup_stm32f10x_md.o [1]
  .text              ro code  0x080039fc     0x4  startup_stm32f10x_md.o [1]
  .text              ro code  0x08003a00     0x4  startup_stm32f10x_md.o [1]
  .text              ro code  0x08003a04     0x4  startup_stm32f10x_md.o [1]
  .text              ro code  0x08003a08     0x4  startup_stm32f10x_md.o [1]
  .text              ro code  0x08003a0c     0x4  startup_stm32f10x_md.o [1]
  .text              ro code  0x08003a10     0x4  startup_stm32f10x_md.o [1]
  .text              ro code  0x08003a14     0x4  startup_stm32f10x_md.o [1]
  .text              ro code  0x08003a18     0x4  startup_stm32f10x_md.o [1]
  .text              ro code  0x08003a1c     0x4  startup_stm32f10x_md.o [1]
  .text              ro code  0x08003a20     0x4  startup_stm32f10x_md.o [1]
  .text              ro code  0x08003a24     0x4  startup_stm32f10x_md.o [1]
  .text              ro code  0x08003a28     0x4  startup_stm32f10x_md.o [1]
  .text              ro code  0x08003a2c     0x4  startup_stm32f10x_md.o [1]
  .text              ro code  0x08003a30     0x4  startup_stm32f10x_md.o [1]
  .text              ro code  0x08003a34     0x4  startup_stm32f10x_md.o [1]
  .text              ro code  0x08003a38     0x4  startup_stm32f10x_md.o [1]
  .text              ro code  0x08003a3c     0x4  startup_stm32f10x_md.o [1]
  .text              ro code  0x08003a40     0x4  startup_stm32f10x_md.o [1]
  .text              ro code  0x08003a44     0x4  startup_stm32f10x_md.o [1]
  .text              ro code  0x08003a48     0x4  startup_stm32f10x_md.o [1]
  .text              ro code  0x08003a4c     0x4  startup_stm32f10x_md.o [1]
  .text              ro code  0x08003a50     0x4  startup_stm32f10x_md.o [1]
  .text              ro code  0x08003a54     0x4  startup_stm32f10x_md.o [1]
  .text              ro code  0x08003a58     0x4  startup_stm32f10x_md.o [1]
  .text              ro code  0x08003a5c     0x4  startup_stm32f10x_md.o [1]
  .text              ro code  0x08003a60     0x4  startup_stm32f10x_md.o [1]
  .text              ro code  0x08003a64     0x4  startup_stm32f10x_md.o [1]
  .text              ro code  0x08003a68     0x4  startup_stm32f10x_md.o [1]
  .text              ro code  0x08003a6c     0x4  startup_stm32f10x_md.o [1]
  .text              ro code  0x08003a70     0x4  startup_stm32f10x_md.o [1]
  .text              ro code  0x08003a74     0x4  startup_stm32f10x_md.o [1]
  .text              ro code  0x08003a78     0x4  startup_stm32f10x_md.o [1]
  .text              ro code  0x08003a7c     0x4  startup_stm32f10x_md.o [1]
  .rodata            const    0x08003a80     0x0  zero_init3.o [5]
  .rodata            const    0x08003a80     0x0  lz77_init_single.o [5]
  Initializer bytes  const    0x08003a80    0x98  <for P2-1>
                            - 0x08003b18  0x3a2c

"P2", part 1 of 3:                         0x35e
  P2-1                        0x20000000   0x35e  <Init block>
    .data            inited   0x20000000   0x294  main.o [1]
    .data            inited   0x20000294    0x2c  motor.o [1]
    .data            inited   0x200002c0    0x14  stm32f10x_rcc.o [1]
    .data            inited   0x200002d4     0x8  rand.o [3]
    .data            inited   0x200002dc    0x38  xlocale_c.o [3]
    .data            inited   0x20000314    0x48  xfiles.o [3]
    .data            inited   0x2000035c     0x2  timer.o [1]
                            - 0x2000035e   0x35e

"P2", part 2 of 3:                          0xe8
  .bss               zero     0x20000360    0x84  rand.o [3]
  .bss               zero     0x200003e4    0x50  xfiles.o [3]
  .bss               zero     0x20000434     0x8  sudoku.o [1]
  .bss               zero     0x2000043c     0x4  delay.o [1]
  .bss               zero     0x20000440     0x4  stm32f10x_it.o [1]
  .bss               zero     0x20000444     0x4  xfail_s.o [3]
                            - 0x20000448    0xe8

"P2", part 3 of 3:                         0x800
  CSTACK                      0x20000448   0x800  <Block>
    CSTACK           uninit   0x20000448   0x800  <Block tail>
                            - 0x20000c48   0x800


*******************************************************************************
*** INIT TABLE
***

          Address     Size
          -------     ----
Zero (__iar_zero_init3)
    1 destination range, total size 0xe8:
          0x20000360   0xe8

Copy/lz77 (__iar_lz77_init_single3)
    1 source range, total size 0x98 (17% of destination):
          0x08003a80   0x98
    1 destination range, total size 0x35e:
          0x20000000  0x35e



*******************************************************************************
*** MODULE SUMMARY
***

    Module                  ro code  ro data  rw data
    ------                  -------  -------  -------
C:\Users\ncslab\Desktop\microprocessor\ARM\SSS_mango\Release\Obj: [1]
    delay.o                      92                 4
    hw_config.o                 392
    key.o                       132
    led.o                       164
    main.o                      564      116      660
    misc.o                      128
    motor.o                   2 328        8       44
    startup_stm32f10x_md.o      460
    stm32f10x_exti.o            144
    stm32f10x_gpio.o            248
    stm32f10x_it.o              408                 4
    stm32f10x_rcc.o             208        3       20
    stm32f10x_tim.o             388
    stm32f10x_usart.o           208
    sudoku.o                    816                 8
    system_stm32f10x.o          236
    timer.o                     348        1        2
    usart.o                     236
    -------------------------------------------------
    Total:                    7 500      128      742

command line: [2]
    -------------------------------------------------
    Total:

dl7M_tlf.a: [3]
    abort.o                       6
    exit.o                        4
    printf.o                     40
    putchar.o                    12
    rand.o                      176        2      140
    xfail_s.o                    68                 4
    xfiles.o                              13      152
    xlocale_c.o                  12       13       56
    xprintffull_nomb.o        3 618
    xprout.o                     22
    -------------------------------------------------
    Total:                    3 958       28      352

m7M_tl.a: [4]
    DblAdd.o                    360
    DblCmpGe.o                   46
    DblCmpLe.o                   46
    DblDiv.o                    582
    DblMul.o                    418
    DblSub.o                    226
    DblToS32.o                   58
    DblToU32.o                   40
    S32ToDbl.o                   34
    U32ToDbl.o                   26
    frexp.o                     112
    ldexp.o                     314
    -------------------------------------------------
    Total:                    2 262

rt7M_tl.a: [5]
    ABImemcpy.o                 166
    I64DivMod.o                 558
    I64DivZer.o                   2
    cexit.o                      10
    cmain.o                      30
    cstartup_M.o                 12
    data_init.o                  40
    lz77_init_single.o          122
    memchr.o                     88
    strchr.o                     22
    strlen.o                     54
    zero_init3.o                 64
    -------------------------------------------------
    Total:                    1 168

shb_l.a: [6]
    exit.o                       20
    -------------------------------------------------
    Total:                       20

    Gaps                         32
    Linker created                        32    2 048
-----------------------------------------------------
    Grand Total:             14 940      188    3 142


*******************************************************************************
*** ENTRY LIST
***

Entry                      Address   Size  Type      Object
-----                      -------   ----  ----      ------
.iar.init_table$$Base   0x08003930          --   Gb  - Linker created -
.iar.init_table$$Limit  0x08003950          --   Gb  - Linker created -
?main                   0x08003951         Code  Gb  cmain.o [5]
ADC1_2_IRQHandler       0x0800380b    0x2  Code  Gb  stm32f10x_it.o [1]
ADCPrescTable           0x200002d0    0x4  Data  Lc  stm32f10x_rcc.o [1]
APBAHBPrescTable        0x200002c0   0x10  Data  Lc  stm32f10x_rcc.o [1]
Axis_Control            0x08001e27   0x4e  Code  Gb  motor.o [1]
Axis_Init               0x08001e75    0xa  Code  Gb  motor.o [1]
BusFault_Handler        0x08003737    0x2  Code  Gb  stm32f10x_it.o [1]
CAN1_RX1_IRQHandler     0x08003811    0x2  Code  Gb  stm32f10x_it.o [1]
CAN1_SCE_IRQHandler     0x08003813    0x2  Code  Gb  stm32f10x_it.o [1]
CSTACK$$Base            0x20000448          --   Gb  - Linker created -
CSTACK$$Limit           0x20000c48          --   Gb  - Linker created -
Change_Speed            0x08001f2b   0x64  Code  Gb  motor.o [1]
Counter_OnOff           0x08002d9f   0x24  Code  Gb  timer.o [1]
Counter_OnOff::i        0x2000035c    0x2  Data  Lc  timer.o [1]
DMA1_Channel1_IRQHandler
                        0x080037fd    0x2  Code  Gb  stm32f10x_it.o [1]
DMA1_Channel2_IRQHandler
                        0x080037ff    0x2  Code  Gb  stm32f10x_it.o [1]
DMA1_Channel3_IRQHandler
                        0x08003801    0x2  Code  Gb  stm32f10x_it.o [1]
DMA1_Channel4_IRQHandler
                        0x08003803    0x2  Code  Gb  stm32f10x_it.o [1]
DMA1_Channel5_IRQHandler
                        0x08003805    0x2  Code  Gb  stm32f10x_it.o [1]
DMA1_Channel6_IRQHandler
                        0x08003807    0x2  Code  Gb  stm32f10x_it.o [1]
DMA1_Channel7_IRQHandler
                        0x08003809    0x2  Code  Gb  stm32f10x_it.o [1]
DebugMon_Handler        0x0800373d    0x2  Code  Gb  stm32f10x_it.o [1]
Delay_Active            0x080028e5   0x2e  Code  Gb  delay.o [1]
EXTI0_IRQHandler        0x08003751   0x34  Code  Gb  stm32f10x_it.o [1]
EXTI15_10_IRQHandler    0x08003897    0x2  Code  Gb  stm32f10x_it.o [1]
EXTI1_IRQHandler        0x08003785   0x16  Code  Gb  stm32f10x_it.o [1]
EXTI2_IRQHandler        0x0800379b   0x36  Code  Gb  stm32f10x_it.o [1]
EXTI3_IRQHandler        0x080037d1   0x2a  Code  Gb  stm32f10x_it.o [1]
EXTI4_IRQHandler        0x080037fb    0x2  Code  Gb  stm32f10x_it.o [1]
EXTI9_5_IRQHandler      0x08003815    0x2  Code  Gb  stm32f10x_it.o [1]
EXTI_ClearITPendingBit  0x0800371d    0x2  Code  Gb  stm32f10x_exti.o [1]
EXTI_Configuration      0x080031ad   0x9e  Code  Gb  hw_config.o [1]
EXTI_GetITStatus        0x08003707   0x16  Code  Gb  stm32f10x_exti.o [1]
EXTI_Init               0x080036a1   0x66  Code  Gb  stm32f10x_exti.o [1]
FLASH_IRQHandler        0x0800374d    0x2  Code  Gb  stm32f10x_it.o [1]
GPIO_EXTILineConfig     0x08002717   0x24  Code  Gb  stm32f10x_gpio.o [1]
GPIO_Init               0x08002649   0xbc  Code  Gb  stm32f10x_gpio.o [1]
GPIO_KEY0_Configuration
                        0x0800333d   0x10  Code  Gb  key.o [1]
GPIO_KEY1_Configuration
                        0x0800334d    0xe  Code  Gb  key.o [1]
GPIO_LED0_Configuration
                        0x080033ed   0x12  Code  Gb  led.o [1]
GPIO_LED1_Configuration
                        0x080033ff   0x10  Code  Gb  led.o [1]
GPIO_LED2_Configuration
                        0x08003425   0x14  Code  Gb  led.o [1]
GPIO_LED3_Configuration
                        0x08003439   0x14  Code  Gb  led.o [1]
GPIO_ReadInputDataBit   0x08002705    0xe  Code  Gb  stm32f10x_gpio.o [1]
GPIO_SWITCH_Configuration
                        0x0800336d   0x38  Code  Gb  key.o [1]
GPIO_SetBits            0x08002713    0x4  Code  Gb  stm32f10x_gpio.o [1]
HardFault_Handler       0x08003733    0x2  Code  Gb  stm32f10x_it.o [1]
I2C1_ER_IRQHandler      0x08003887    0x2  Code  Gb  stm32f10x_it.o [1]
I2C1_EV_IRQHandler      0x08003885    0x2  Code  Gb  stm32f10x_it.o [1]
I2C2_ER_IRQHandler      0x0800388b    0x2  Code  Gb  stm32f10x_it.o [1]
I2C2_EV_IRQHandler      0x08003889    0x2  Code  Gb  stm32f10x_it.o [1]
KEY_Configuration       0x080033a5   0x10  Code  Gb  key.o [1]
LED_Configuration       0x0800344d   0x14  Code  Gb  led.o [1]
LED_On_ALL              0x080033c1   0x2c  Code  Gb  led.o [1]
LoadInt                 0x0800029f   0x7a  Code  Lc  xprintffull_nomb.o [3]
MemManage_Handler       0x08003735    0x2  Code  Gb  stm32f10x_it.o [1]
MotorX_PositionControl  0x08001cf7   0x2c  Code  Gb  motor.o [1]
MotorY_PositionControl  0x08001d23   0x28  Code  Gb  motor.o [1]
Motor_Configuration     0x08001c61   0x96  Code  Gb  motor.o [1]
NMI_Handler             0x08003731    0x2  Code  Gb  stm32f10x_it.o [1]
NVIC_Configuration      0x080030db   0xd2  Code  Gb  hw_config.o [1]
NVIC_Init               0x08003621   0x5a  Code  Gb  misc.o [1]
NVIC_SetVectorTable     0x0800367b    0xc  Code  Gb  misc.o [1]
PVD_IRQHandler          0x08003747    0x2  Code  Gb  stm32f10x_it.o [1]
Pen_Control             0x08001edd   0x4e  Code  Gb  motor.o [1]
PendSV_Handler          0x0800373f    0x2  Code  Gb  stm32f10x_it.o [1]
Print_1                 0x08002065   0x1a  Code  Gb  motor.o [1]
Print_2                 0x0800207f   0x70  Code  Gb  motor.o [1]
Print_3                 0x080020ef   0x48  Code  Gb  motor.o [1]
Print_4                 0x08002137   0x3c  Code  Gb  motor.o [1]
Print_5                 0x08002173   0x6a  Code  Gb  motor.o [1]
Print_6                 0x080021dd   0x62  Code  Gb  motor.o [1]
Print_7                 0x08002271   0x40  Code  Gb  motor.o [1]
Print_8                 0x080022b1  0x114  Code  Gb  motor.o [1]
Print_9                 0x080023c5  0x1b4  Code  Gb  motor.o [1]
Print_Num               0x08001f8f   0xc0  Code  Gb  motor.o [1]
Pulse1_Act              0x08001d4b   0x6c  Code  Gb  motor.o [1]
Pulse1_Act::i           0x200002b8    0x4  Data  Lc  motor.o [1]
Pulse2_Act              0x08001db7   0x70  Code  Gb  motor.o [1]
Pulse2_Act::j           0x200002bc    0x4  Data  Lc  motor.o [1]
RCC_APB1PeriphClockCmd  0x08002617   0x12  Code  Gb  stm32f10x_rcc.o [1]
RCC_APB2PeriphClockCmd  0x08002605   0x12  Code  Gb  stm32f10x_rcc.o [1]
RCC_Configuration       0x080030c9   0x12  Code  Gb  hw_config.o [1]
RCC_GetClocksFreq       0x08002587   0x7e  Code  Gb  stm32f10x_rcc.o [1]
RCC_IRQHandler          0x0800374f    0x2  Code  Gb  stm32f10x_it.o [1]
RCC_PCLK1Config         0x08002579    0x8  Code  Gb  stm32f10x_rcc.o [1]
RTCAlarm_IRQHandler     0x08003899    0x2  Code  Gb  stm32f10x_it.o [1]
RTC_IRQHandler          0x0800374b    0x2  Code  Gb  stm32f10x_it.o [1]
Region$$Table$$Base     0x08003930          --   Gb  - Linker created -
Region$$Table$$Limit    0x08003950          --   Gb  - Linker created -
SPI1_IRQHandler         0x0800388d    0x2  Code  Gb  stm32f10x_it.o [1]
SPI2_IRQHandler         0x0800388f    0x2  Code  Gb  stm32f10x_it.o [1]
SVC_Handler             0x0800373b    0x2  Code  Gb  stm32f10x_it.o [1]
SysTick_Handler         0x08003741    0x4  Code  Gb  stm32f10x_it.o [1]
SystemInit              0x08003535   0xd8  Code  Gb  system_stm32f10x.o [1]
TAMPER_IRQHandler       0x08003749    0x2  Code  Gb  stm32f10x_it.o [1]
TIM1_BRK_IRQHandler     0x08003817    0x2  Code  Gb  stm32f10x_it.o [1]
TIM1_CC_IRQHandler      0x08003833    0x2  Code  Gb  stm32f10x_it.o [1]
TIM1_TRG_COM_IRQHandler
                        0x08003831    0x2  Code  Gb  stm32f10x_it.o [1]
TIM1_UP_IRQHandler      0x08003819   0x18  Code  Gb  stm32f10x_it.o [1]
TIM1_UP_IRQHandler::i   0x20000440    0x4  Data  Lc  stm32f10x_it.o [1]
TIM2_IRQHandler         0x08003835    0x2  Code  Gb  stm32f10x_it.o [1]
TIM3_IRQHandler         0x08003837   0x16  Code  Gb  stm32f10x_it.o [1]
TIM4_IRQHandler         0x0800384d   0x16  Code  Gb  stm32f10x_it.o [1]
TIM_ARRPreloadConfig    0x08002869   0x12  Code  Gb  stm32f10x_tim.o [1]
TIM_ClearFlag           0x08002891    0x2  Code  Gb  stm32f10x_tim.o [1]
TIM_ClearITPendingBit   0x08002893    0x2  Code  Gb  stm32f10x_tim.o [1]
TIM_Cmd                 0x08002845   0x14  Code  Gb  stm32f10x_tim.o [1]
TIM_Configuration       0x08002c79  0x126  Code  Gb  timer.o [1]
TIM_ITConfig            0x08002859   0x10  Code  Gb  stm32f10x_tim.o [1]
TIM_OC2Init             0x080027cf   0x70  Code  Gb  stm32f10x_tim.o [1]
TIM_OC2PreloadConfig    0x08002881    0x6  Code  Gb  stm32f10x_tim.o [1]
TIM_TimeBaseInit        0x08002741   0x8e  Code  Gb  stm32f10x_tim.o [1]
TimingDelay             0x2000043c    0x4  Data  Lc  delay.o [1]
TimingDelay_Decrement   0x080028d7    0xe  Code  Gb  delay.o [1]
USART1_IRQHandler       0x08003891    0x2  Code  Gb  stm32f10x_it.o [1]
USART2_IRQHandler       0x08003893    0x2  Code  Gb  stm32f10x_it.o [1]
USART3_Configuration    0x0800328b   0x66  Code  Gb  usart.o [1]
USART3_IRQHandler       0x08003895    0x2  Code  Gb  stm32f10x_it.o [1]
USART_Cmd               0x08003505   0x14  Code  Gb  stm32f10x_usart.o [1]
USART_GetChar           0x0800330d   0x30  Code  Gb  usart.o [1]
USART_GetFlagStatus     0x08003527    0xe  Code  Gb  stm32f10x_usart.o [1]
USART_Init              0x08003465   0x9a  Code  Gb  stm32f10x_usart.o [1]
USART_SendData          0x0800351f    0x8  Code  Gb  stm32f10x_usart.o [1]
USBWakeUp_IRQHandler    0x0800389b   0x16  Code  Gb  stm32f10x_it.o [1]
USBWakeUp_IRQHandler::__FUNCTION__
                        0x080038b0   0x18  Data  Lc  stm32f10x_it.o [1]
USB_HP_CAN1_TX_IRQHandler
                        0x0800380d    0x2  Code  Gb  stm32f10x_it.o [1]
USB_LP_CAN1_RX0_IRQHandler
                        0x0800380f    0x2  Code  Gb  stm32f10x_it.o [1]
UsageFault_Handler      0x08003739    0x2  Code  Gb  stm32f10x_it.o [1]
WWDG_IRQHandler         0x08003745    0x2  Code  Gb  stm32f10x_it.o [1]
_GenldFullNoMb          0x08000c0b  0x276  Code  Lc  xprintffull_nomb.o [3]
_LdtobFullNoMb          0x080007e1  0x3fe  Code  Lc  xprintffull_nomb.o [3]
_LitobFullNoMb          0x08000689  0x112  Code  Lc  xprintffull_nomb.o [3]
_Locale_lconv           0x200002dc   0x38  Data  Lc  xlocale_c.o [3]
_PrintfFullNoMb         0x080000ed  0x1a4  Code  Gb  xprintffull_nomb.o [3]
_Prout                  0x0800396f   0x16  Code  Gb  xprout.o [3]
_PutcharsFullNoMb       0x08000e81   0x2e  Code  Lc  xprintffull_nomb.o [3]
_PutfldFullNoMb         0x08000319  0x264  Code  Lc  xprintffull_nomb.o [3]
_PuttxtFullNoMb         0x0800057d  0x10c  Code  Lc  xprintffull_nomb.o [3]
_Rand_idx               0x200003e0    0x4  Data  Lc  rand.o [3]
_Rand_rv                0x20000360   0x80  Data  Lc  rand.o [3]
_Randinit               0x200002d4    0x1  Data  Gb  rand.o [3]
_Randseed               0x200002d8    0x4  Data  Gb  rand.o [3]
__aeabi_cdcmple         0x08001561         Code  Gb  DblCmpLe.o [4]
__aeabi_cdrcmple        0x08001591         Code  Gb  DblCmpGe.o [4]
__aeabi_d2iz            0x080016fd         Code  Gb  DblToS32.o [4]
__aeabi_d2uiz           0x08001a89         Code  Gb  DblToU32.o [4]
__aeabi_ddiv            0x08001841         Code  Gb  DblDiv.o [4]
__aeabi_dmul            0x080012a5         Code  Gb  DblMul.o [4]
__aeabi_dsub            0x0800175d         Code  Gb  DblSub.o [4]
__aeabi_i2d             0x08001739         Code  Gb  S32ToDbl.o [4]
__aeabi_ldiv0           0x08001ae1         Code  Gb  I64DivZer.o [5]
__aeabi_memcpy          0x08001449         Code  Gb  ABImemcpy.o [5]
__aeabi_memcpy4         0x08001469         Code  Gb  ABImemcpy.o [5]
__aeabi_memcpy8         0x08001469         Code  Gb  ABImemcpy.o [5]
__aeabi_ui2d            0x08001ab1         Code  Gb  U32ToDbl.o [4]
__aeabi_uldivmod        0x08001075         Code  Gb  I64DivMod.o [5]
__cmain                 0x08003951         Code  Gb  cmain.o [5]
__exit                  0x08001c4d   0x14  Code  Gb  exit.o [6]
__iar_Fail_s            0x08000fa1   0x1e  Code  Gb  xfail_s.o [3]
__iar_Memchr            0x0800101d         Code  Gb  memchr.o [5]
__iar_Stdout            0x20000314   0x48  Data  Gb  xfiles.o [3]
__iar_Strchr            0x08000f89         Code  Gb  strchr.o [5]
__iar_dadd              0x0800176d         Code  Gb  DblSub.o [4]
__iar_data_init3        0x08003909   0x28  Code  Gb  data_init.o [5]
__iar_dsub              0x08001ae5         Code  Gb  DblAdd.o [4]
__iar_dsubStart         0x08001af7         Code  Gb  DblAdd.o [4]
__iar_frexp             0x080014fd         Code  Gb  frexp.o [4]
__iar_frexp64           0x080014f1         Code  Gb  frexp.o [4]
__iar_frexpl            0x080014fd         Code  Gb  frexp.o [4]
__iar_ldexp64           0x080015c1         Code  Gb  ldexp.o [4]
__iar_lz77_init_single3
                        0x08000f0f   0x7a  Code  Gb  lz77_init_single.o [5]
__iar_program_start     0x080039a1         Code  Gb  cstartup_M.o [5]
__iar_scalbln64         0x080015c1         Code  Gb  ldexp.o [4]
__iar_scalbn64          0x080015c1         Code  Gb  ldexp.o [4]
__iar_systems$$module {Abs}
                        0x00000001         Data  Gb  command line/config [2]
__iar_zero_init3        0x080038c9   0x40  Code  Gb  zero_init3.o [5]
__vector_table          0x08000000         Data  Gb  startup_stm32f10x_md.o [1]
_call_main              0x0800395d         Code  Gb  cmain.o [5]
_exit                   0x08002e89         Code  Gb  cexit.o [5]
_main                   0x0800396b         Code  Gb  cmain.o [5]
abort                   0x08001ad9    0x6  Code  Gb  abort.o [3]
back_track              0x08002a0d   0x7e  Code  Gb  sudoku.o [1]
check                   0x08002977   0x96  Code  Gb  sudoku.o [1]
counter                 0x20000434    0x4  Data  Gb  sudoku.o [1]
delay                   0x080028c5   0x12  Code  Gb  delay.o [1]
exit                    0x08002e85    0x4  Code  Gb  exit.o [3]
flag                    0x20000150  0x144  Data  Gb  main.o [1]
flag_cnt                0x08002b2f   0x30  Code  Gb  sudoku.o [1]
fputc                   0x08003251   0x3a  Code  Gb  usart.o [1]
frexp                   0x080014f1         Code  Gb  frexp.o [4]
frexpl                  0x080014f1         Code  Gb  frexp.o [4]
hint                    0x08002b5f   0xa4  Code  Gb  sudoku.o [1]
hint::cnt               0x20000438    0x4  Data  Lc  sudoku.o [1]
ldexp                   0x080015c1         Code  Gb  ldexp.o [4]
ldexpl                  0x080015c1         Code  Gb  ldexp.o [4]
localeconv              0x08001acd    0x4  Code  Gb  xlocale_c.o [3]
locx                    0x20000144    0x4  Data  Gb  main.o [1]
locy                    0x20000148    0x4  Data  Gb  main.o [1]
main                    0x08002e95  0x214  Code  Gb  main.o [1]
memchr                  0x0800101d         Code  Gb  memchr.o [5]
obuf                    0x200003e4   0x50  Data  Lc  xfiles.o [3]
prev_stop               0x08001eb9   0x24  Code  Gb  motor.o [1]
print_sudoku            0x08002a8b   0x44  Code  Gb  sudoku.o [1]
printf                  0x08002c51   0x28  Code  Gb  printf.o [3]
prob                    0x20000000  0x144  Data  Gb  main.o [1]
pulse1                  0x20000294    0x4  Data  Gb  motor.o [1]
pulse2                  0x20000298    0x4  Data  Gb  motor.o [1]
putchar                 0x08003985    0xc  Code  Gb  putchar.o [3]
rand                    0x08002dd5   0x96  Code  Gb  rand.o [3]
scalbln                 0x080015c1         Code  Gb  ldexp.o [4]
scalblnl                0x080015c1         Code  Gb  ldexp.o [4]
scalbn                  0x080015c1         Code  Gb  ldexp.o [4]
scalbnl                 0x080015c1         Code  Gb  ldexp.o [4]
scale                   0x0800079b   0x46  Code  Lc  xprintffull_nomb.o [3]
sec_hand                0x20000444    0x4  Data  Lc  xfail_s.o [3]
sequenceX               0x200002a8    0x4  Data  Gb  motor.o [1]
sequenceY               0x200002ac    0x4  Data  Gb  motor.o [1]
simple_move             0x08001e7f   0x3a  Code  Gb  motor.o [1]
size                    0x2000014c    0x4  Data  Gb  main.o [1]
solve                   0x08002921   0x56  Code  Gb  sudoku.o [1]
spd_cons                0x200002a4    0x4  Data  Gb  motor.o [1]
srand                   0x08002e6b    0xa  Code  Gb  rand.o [3]
stepx_cnt               0x200002b0    0x4  Data  Gb  motor.o [1]
stepy_cnt               0x200002b4    0x4  Data  Gb  motor.o [1]
strchr                  0x08000f89         Code  Gb  strchr.o [5]
strlen                  0x08000fe5         Code  Gb  strlen.o [5]
writing_sudoku          0x08002acf   0x60  Code  Gb  sudoku.o [1]
x                       0x2000029c    0x4  Data  Gb  motor.o [1]
y                       0x200002a0    0x4  Data  Gb  motor.o [1]


[1] = C:\Users\ncslab\Desktop\microprocessor\ARM\SSS_mango\Release\Obj
[2] = command line
[3] = dl7M_tlf.a
[4] = m7M_tl.a
[5] = rt7M_tl.a
[6] = shb_l.a

  14 940 bytes of readonly  code memory
     188 bytes of readonly  data memory
   3 142 bytes of readwrite data memory

Errors: none
Warnings: none
